CI Environment Report
=====================
Generated at: 2025-06-17T01:53:19.451Z

CI Detection:
- CI: Yes
- CI Type: generic
- GitHub Actions: No
- Jenkins: No
- GitLab CI: No
- Circle CI: No
- Travis CI: No
- Azure Pipelines: No
- TeamCity: No
- Bitbucket: No
- AppVeyor: No
- Drone CI: No
- Buddy CI: No
- Buildkite: No
- CodeBuild: No
- Vercel: No
- Netlify: No
- Heroku: No
- Semaphore: No
- Codefresh: No
- Woodpecker: No
- Harness: No
- Render: No
- Railway: No
- Fly.io: No

Generic CI
----------
CI environment detected

Container Environment
-------------------
Docker: No
Kubernetes: No
Docker Compose: No
Docker Swarm: No
rkt: No
containerd: No
CRI-O: No
Singularity: No
Containerized: No

Cloud Environment
---------------
AWS: No
Azure: No
GCP: No
Cloud Environment: No
Lambda: No
Azure Functions: No
Cloud Functions: No
Serverless: No

System Information
-----------------
Node.js: undefined
Platform: linux
Architecture: undefined
OS: undefined undefined
Working Directory: undefined

Detailed System Information
-------------------------
Hostname: unknown
Username: unknown
Memory Total: N/A
Memory Free: N/A
CPUs: N/A

Environment Variables
-------------------
NODE_ENV: test
CI: true
CI_ENVIRONMENT: not set
CI_TYPE: not set
